2025-09-27 15:40:17,678 - __main__ - INFO - 🚀 QR Bot запущено...
2025-09-27 15:40:17,843 - httpx - INFO - HTTP Request: POST https://api.telegram.org/bot8469388059:AAEwHHPNzR3oUzI6ai9E4p4CXDHI8mVjzo4/getMe "HTTP/1.1 200 OK"
2025-09-27 15:40:17,886 - httpx - INFO - HTTP Request: POST https://api.telegram.org/bot8469388059:AAEwHHPNzR3oUzI6ai9E4p4CXDHI8mVjzo4/deleteWebhook "HTTP/1.1 200 OK"
2025-09-27 15:40:17,887 - telegram.ext.Application - INFO - Application started
2025-09-27 15:40:24,642 - httpx - INFO - HTTP Request: POST https://api.telegram.org/bot8469388059:AAEwHHPNzR3oUzI6ai9E4p4CXDHI8mVjzo4/getUpdates "HTTP/1.1 200 OK"
2025-09-27 15:40:24,643 - handlers.base - INFO - User state changed to: main_menu
2025-09-27 15:40:24,809 - httpx - INFO - HTTP Request: POST https://api.telegram.org/bot8469388059:AAEwHHPNzR3oUzI6ai9E4p4CXDHI8mVjzo4/sendMessage "HTTP/1.1 200 OK"
2025-09-27 15:40:27,332 - httpx - INFO - HTTP Request: POST https://api.telegram.org/bot8469388059:AAEwHHPNzR3oUzI6ai9E4p4CXDHI8mVjzo4/getUpdates "HTTP/1.1 200 OK"
2025-09-27 15:40:27,387 - httpx - INFO - HTTP Request: POST https://api.telegram.org/bot8469388059:AAEwHHPNzR3oUzI6ai9E4p4CXDHI8mVjzo4/answerCallbackQuery "HTTP/1.1 200 OK"
2025-09-27 15:40:27,387 - handlers.callbacks - INFO - Callback received: action:settings
2025-09-27 15:40:27,454 - httpx - INFO - HTTP Request: POST https://api.telegram.org/bot8469388059:AAEwHHPNzR3oUzI6ai9E4p4CXDHI8mVjzo4/editMessageText "HTTP/1.1 200 OK"
2025-09-27 15:40:28,499 - httpx - INFO - HTTP Request: POST https://api.telegram.org/bot8469388059:AAEwHHPNzR3oUzI6ai9E4p4CXDHI8mVjzo4/getUpdates "HTTP/1.1 200 OK"
2025-09-27 15:40:28,655 - httpx - INFO - HTTP Request: POST https://api.telegram.org/bot8469388059:AAEwHHPNzR3oUzI6ai9E4p4CXDHI8mVjzo4/answerCallbackQuery "HTTP/1.1 200 OK"
2025-09-27 15:40:28,656 - handlers.callbacks - INFO - Callback received: setting:format
2025-09-27 15:40:28,792 - httpx - INFO - HTTP Request: POST https://api.telegram.org/bot8469388059:AAEwHHPNzR3oUzI6ai9E4p4CXDHI8mVjzo4/editMessageText "HTTP/1.1 200 OK"
2025-09-27 15:40:29,584 - httpx - INFO - HTTP Request: POST https://api.telegram.org/bot8469388059:AAEwHHPNzR3oUzI6ai9E4p4CXDHI8mVjzo4/getUpdates "HTTP/1.1 200 OK"
2025-09-27 15:40:29,681 - httpx - INFO - HTTP Request: POST https://api.telegram.org/bot8469388059:AAEwHHPNzR3oUzI6ai9E4p4CXDHI8mVjzo4/answerCallbackQuery "HTTP/1.1 200 OK"
2025-09-27 15:40:29,681 - handlers.callbacks - INFO - Callback received: set:fmt:SVG
2025-09-27 15:40:29,781 - httpx - INFO - HTTP Request: POST https://api.telegram.org/bot8469388059:AAEwHHPNzR3oUzI6ai9E4p4CXDHI8mVjzo4/editMessageText "HTTP/1.1 200 OK"
2025-09-27 15:40:30,476 - httpx - INFO - HTTP Request: POST https://api.telegram.org/bot8469388059:AAEwHHPNzR3oUzI6ai9E4p4CXDHI8mVjzo4/getUpdates "HTTP/1.1 200 OK"
2025-09-27 15:40:30,538 - httpx - INFO - HTTP Request: POST https://api.telegram.org/bot8469388059:AAEwHHPNzR3oUzI6ai9E4p4CXDHI8mVjzo4/answerCallbackQuery "HTTP/1.1 200 OK"
2025-09-27 15:40:30,539 - handlers.callbacks - INFO - Callback received: action:settings
2025-09-27 15:40:30,620 - httpx - INFO - HTTP Request: POST https://api.telegram.org/bot8469388059:AAEwHHPNzR3oUzI6ai9E4p4CXDHI8mVjzo4/editMessageText "HTTP/1.1 200 OK"
2025-09-27 15:40:31,771 - httpx - INFO - HTTP Request: POST https://api.telegram.org/bot8469388059:AAEwHHPNzR3oUzI6ai9E4p4CXDHI8mVjzo4/getUpdates "HTTP/1.1 200 OK"
2025-09-27 15:40:31,907 - httpx - INFO - HTTP Request: POST https://api.telegram.org/bot8469388059:AAEwHHPNzR3oUzI6ai9E4p4CXDHI8mVjzo4/answerCallbackQuery "HTTP/1.1 200 OK"
2025-09-27 15:40:31,908 - handlers.callbacks - INFO - Callback received: setting:size
2025-09-27 15:40:32,055 - httpx - INFO - HTTP Request: POST https://api.telegram.org/bot8469388059:AAEwHHPNzR3oUzI6ai9E4p4CXDHI8mVjzo4/editMessageText "HTTP/1.1 200 OK"
2025-09-27 15:40:32,890 - httpx - INFO - HTTP Request: POST https://api.telegram.org/bot8469388059:AAEwHHPNzR3oUzI6ai9E4p4CXDHI8mVjzo4/getUpdates "HTTP/1.1 200 OK"
2025-09-27 15:40:32,993 - httpx - INFO - HTTP Request: POST https://api.telegram.org/bot8469388059:AAEwHHPNzR3oUzI6ai9E4p4CXDHI8mVjzo4/answerCallbackQuery "HTTP/1.1 200 OK"
2025-09-27 15:40:32,993 - handlers.callbacks - INFO - Callback received: set:size:5
2025-09-27 15:40:33,109 - httpx - INFO - HTTP Request: POST https://api.telegram.org/bot8469388059:AAEwHHPNzR3oUzI6ai9E4p4CXDHI8mVjzo4/editMessageText "HTTP/1.1 200 OK"
2025-09-27 15:40:33,801 - httpx - INFO - HTTP Request: POST https://api.telegram.org/bot8469388059:AAEwHHPNzR3oUzI6ai9E4p4CXDHI8mVjzo4/getUpdates "HTTP/1.1 200 OK"
2025-09-27 15:40:33,857 - httpx - INFO - HTTP Request: POST https://api.telegram.org/bot8469388059:AAEwHHPNzR3oUzI6ai9E4p4CXDHI8mVjzo4/answerCallbackQuery "HTTP/1.1 200 OK"
2025-09-27 15:40:33,857 - handlers.callbacks - INFO - Callback received: action:settings
2025-09-27 15:40:33,923 - httpx - INFO - HTTP Request: POST https://api.telegram.org/bot8469388059:AAEwHHPNzR3oUzI6ai9E4p4CXDHI8mVjzo4/editMessageText "HTTP/1.1 200 OK"
2025-09-27 15:40:34,495 - httpx - INFO - HTTP Request: POST https://api.telegram.org/bot8469388059:AAEwHHPNzR3oUzI6ai9E4p4CXDHI8mVjzo4/getUpdates "HTTP/1.1 200 OK"
2025-09-27 15:40:34,549 - httpx - INFO - HTTP Request: POST https://api.telegram.org/bot8469388059:AAEwHHPNzR3oUzI6ai9E4p4CXDHI8mVjzo4/answerCallbackQuery "HTTP/1.1 200 OK"
2025-09-27 15:40:34,550 - handlers.callbacks - INFO - Callback received: setting:fg_color
2025-09-27 15:40:40,965 - httpx - INFO - HTTP Request: POST https://api.telegram.org/bot8469388059:AAEwHHPNzR3oUzI6ai9E4p4CXDHI8mVjzo4/getUpdates "HTTP/1.1 200 OK"
2025-09-27 15:40:41,121 - httpx - INFO - HTTP Request: POST https://api.telegram.org/bot8469388059:AAEwHHPNzR3oUzI6ai9E4p4CXDHI8mVjzo4/answerCallbackQuery "HTTP/1.1 200 OK"
2025-09-27 15:40:41,122 - handlers.callbacks - INFO - Callback received: setting:fg_color
2025-09-27 15:40:45,521 - httpx - INFO - HTTP Request: POST https://api.telegram.org/bot8469388059:AAEwHHPNzR3oUzI6ai9E4p4CXDHI8mVjzo4/getUpdates "HTTP/1.1 200 OK"
2025-09-27 15:40:45,574 - httpx - INFO - HTTP Request: POST https://api.telegram.org/bot8469388059:AAEwHHPNzR3oUzI6ai9E4p4CXDHI8mVjzo4/answerCallbackQuery "HTTP/1.1 200 OK"
2025-09-27 15:40:45,574 - handlers.callbacks - INFO - Callback received: setting:bg_color
2025-09-27 15:40:51,448 - httpx - INFO - HTTP Request: POST https://api.telegram.org/bot8469388059:AAEwHHPNzR3oUzI6ai9E4p4CXDHI8mVjzo4/getUpdates "HTTP/1.1 200 OK"
2025-09-27 15:40:51,597 - httpx - INFO - HTTP Request: POST https://api.telegram.org/bot8469388059:AAEwHHPNzR3oUzI6ai9E4p4CXDHI8mVjzo4/answerCallbackQuery "HTTP/1.1 200 OK"
2025-09-27 15:40:51,597 - handlers.callbacks - INFO - Callback received: setting:reset
2025-09-27 15:40:54,874 - httpx - INFO - HTTP Request: POST https://api.telegram.org/bot8469388059:AAEwHHPNzR3oUzI6ai9E4p4CXDHI8mVjzo4/getUpdates "HTTP/1.1 200 OK"
2025-09-27 15:40:54,925 - httpx - INFO - HTTP Request: POST https://api.telegram.org/bot8469388059:AAEwHHPNzR3oUzI6ai9E4p4CXDHI8mVjzo4/answerCallbackQuery "HTTP/1.1 200 OK"
2025-09-27 15:40:54,926 - handlers.callbacks - INFO - Callback received: action:main
2025-09-27 15:40:54,989 - httpx - INFO - HTTP Request: POST https://api.telegram.org/bot8469388059:AAEwHHPNzR3oUzI6ai9E4p4CXDHI8mVjzo4/editMessageText "HTTP/1.1 200 OK"
2025-09-27 15:40:56,606 - httpx - INFO - HTTP Request: POST https://api.telegram.org/bot8469388059:AAEwHHPNzR3oUzI6ai9E4p4CXDHI8mVjzo4/getUpdates "HTTP/1.1 200 OK"
2025-09-27 15:40:56,658 - httpx - INFO - HTTP Request: POST https://api.telegram.org/bot8469388059:AAEwHHPNzR3oUzI6ai9E4p4CXDHI8mVjzo4/answerCallbackQuery "HTTP/1.1 200 OK"
2025-09-27 15:40:56,659 - handlers.callbacks - INFO - Callback received: action:generate
2025-09-27 15:40:56,659 - handlers.base - INFO - User state changed to: waiting_text
2025-09-27 15:40:56,721 - httpx - INFO - HTTP Request: POST https://api.telegram.org/bot8469388059:AAEwHHPNzR3oUzI6ai9E4p4CXDHI8mVjzo4/editMessageText "HTTP/1.1 200 OK"
2025-09-27 15:40:58,281 - httpx - INFO - HTTP Request: POST https://api.telegram.org/bot8469388059:AAEwHHPNzR3oUzI6ai9E4p4CXDHI8mVjzo4/getUpdates "HTTP/1.1 200 OK"
2025-09-27 15:40:58,334 - httpx - INFO - HTTP Request: POST https://api.telegram.org/bot8469388059:AAEwHHPNzR3oUzI6ai9E4p4CXDHI8mVjzo4/answerCallbackQuery "HTTP/1.1 200 OK"
2025-09-27 15:40:58,334 - handlers.callbacks - INFO - Callback received: template:wifi
2025-09-27 15:40:58,334 - handlers.base - INFO - User state changed to: waiting_wifi_ssid
2025-09-27 15:40:58,396 - httpx - INFO - HTTP Request: POST https://api.telegram.org/bot8469388059:AAEwHHPNzR3oUzI6ai9E4p4CXDHI8mVjzo4/editMessageText "HTTP/1.1 200 OK"
2025-09-27 15:40:59,998 - httpx - INFO - HTTP Request: POST https://api.telegram.org/bot8469388059:AAEwHHPNzR3oUzI6ai9E4p4CXDHI8mVjzo4/getUpdates "HTTP/1.1 200 OK"
2025-09-27 15:41:00,066 - httpx - INFO - HTTP Request: POST https://api.telegram.org/bot8469388059:AAEwHHPNzR3oUzI6ai9E4p4CXDHI8mVjzo4/sendMessage "HTTP/1.1 200 OK"
2025-09-27 15:41:01,645 - httpx - INFO - HTTP Request: POST https://api.telegram.org/bot8469388059:AAEwHHPNzR3oUzI6ai9E4p4CXDHI8mVjzo4/getUpdates "HTTP/1.1 200 OK"
2025-09-27 15:41:01,699 - httpx - INFO - HTTP Request: POST https://api.telegram.org/bot8469388059:AAEwHHPNzR3oUzI6ai9E4p4CXDHI8mVjzo4/answerCallbackQuery "HTTP/1.1 200 OK"
2025-09-27 15:41:01,699 - handlers.callbacks - INFO - Callback received: action:generate
2025-09-27 15:41:01,699 - handlers.base - INFO - User state changed to: waiting_text
2025-09-27 15:41:01,764 - httpx - INFO - HTTP Request: POST https://api.telegram.org/bot8469388059:AAEwHHPNzR3oUzI6ai9E4p4CXDHI8mVjzo4/editMessageText "HTTP/1.1 200 OK"
2025-09-27 15:41:02,789 - httpx - INFO - HTTP Request: POST https://api.telegram.org/bot8469388059:AAEwHHPNzR3oUzI6ai9E4p4CXDHI8mVjzo4/getUpdates "HTTP/1.1 200 OK"
2025-09-27 15:41:02,877 - httpx - INFO - HTTP Request: POST https://api.telegram.org/bot8469388059:AAEwHHPNzR3oUzI6ai9E4p4CXDHI8mVjzo4/sendMessage "HTTP/1.1 200 OK"
2025-09-27 15:41:02,877 - handlers.qr_generation - ERROR - QR generation failed
Traceback (most recent call last):
  File "e:\python2\bots\qr_bot\handlers\qr_generation.py", line 41, in _process_qr_generation
    qr_result = await QRService.generate_qr_code(text, settings)
                      ^^^^^^^^^^^^^^^^^^^^^^^^^^
AttributeError: type object 'QRService' has no attribute 'generate_qr_code'. Did you mean: 'generate_qr_image'?
2025-09-27 15:41:02,978 - httpx - INFO - HTTP Request: POST https://api.telegram.org/bot8469388059:AAEwHHPNzR3oUzI6ai9E4p4CXDHI8mVjzo4/editMessageText "HTTP/1.1 200 OK"
2025-09-27 15:41:12,838 - httpx - INFO - HTTP Request: POST https://api.telegram.org/bot8469388059:AAEwHHPNzR3oUzI6ai9E4p4CXDHI8mVjzo4/getUpdates "HTTP/1.1 200 OK"
2025-09-27 15:41:22,887 - httpx - INFO - HTTP Request: POST https://api.telegram.org/bot8469388059:AAEwHHPNzR3oUzI6ai9E4p4CXDHI8mVjzo4/getUpdates "HTTP/1.1 200 OK"
2025-09-27 15:41:32,935 - httpx - INFO - HTTP Request: POST https://api.telegram.org/bot8469388059:AAEwHHPNzR3oUzI6ai9E4p4CXDHI8mVjzo4/getUpdates "HTTP/1.1 200 OK"
2025-09-27 15:41:42,983 - httpx - INFO - HTTP Request: POST https://api.telegram.org/bot8469388059:AAEwHHPNzR3oUzI6ai9E4p4CXDHI8mVjzo4/getUpdates "HTTP/1.1 200 OK"
2025-09-27 15:41:51,581 - httpx - INFO - HTTP Request: POST https://api.telegram.org/bot8469388059:AAEwHHPNzR3oUzI6ai9E4p4CXDHI8mVjzo4/getUpdates "HTTP/1.1 200 OK"
2025-09-27 15:41:51,582 - telegram.ext.Application - INFO - Application is stopping. This might take a moment.
2025-09-27 15:41:51,582 - telegram.ext.Application - INFO - Application.stop() complete
2025-09-27 15:41:53,467 - __main__ - INFO - 🚀 QR Bot запущено...
2025-09-27 15:41:53,646 - httpx - INFO - HTTP Request: POST https://api.telegram.org/bot8469388059:AAEwHHPNzR3oUzI6ai9E4p4CXDHI8mVjzo4/getMe "HTTP/1.1 200 OK"
2025-09-27 15:41:53,693 - httpx - INFO - HTTP Request: POST https://api.telegram.org/bot8469388059:AAEwHHPNzR3oUzI6ai9E4p4CXDHI8mVjzo4/deleteWebhook "HTTP/1.1 200 OK"
2025-09-27 15:41:53,694 - telegram.ext.Application - INFO - Application started
2025-09-27 15:41:59,567 - httpx - INFO - HTTP Request: POST https://api.telegram.org/bot8469388059:AAEwHHPNzR3oUzI6ai9E4p4CXDHI8mVjzo4/getUpdates "HTTP/1.1 200 OK"
2025-09-27 15:41:59,567 - handlers.base - INFO - User state changed to: main_menu
2025-09-27 15:41:59,854 - httpx - INFO - HTTP Request: POST https://api.telegram.org/bot8469388059:AAEwHHPNzR3oUzI6ai9E4p4CXDHI8mVjzo4/sendMessage "HTTP/1.1 200 OK"
2025-09-27 15:42:01,143 - httpx - INFO - HTTP Request: POST https://api.telegram.org/bot8469388059:AAEwHHPNzR3oUzI6ai9E4p4CXDHI8mVjzo4/getUpdates "HTTP/1.1 200 OK"
2025-09-27 15:42:01,191 - httpx - INFO - HTTP Request: POST https://api.telegram.org/bot8469388059:AAEwHHPNzR3oUzI6ai9E4p4CXDHI8mVjzo4/answerCallbackQuery "HTTP/1.1 200 OK"
2025-09-27 15:42:01,191 - handlers.callbacks - INFO - Callback received: action:generate
2025-09-27 15:42:01,191 - handlers.base - INFO - User state changed to: waiting_text
2025-09-27 15:42:01,257 - httpx - INFO - HTTP Request: POST https://api.telegram.org/bot8469388059:AAEwHHPNzR3oUzI6ai9E4p4CXDHI8mVjzo4/editMessageText "HTTP/1.1 200 OK"
2025-09-27 15:42:02,630 - httpx - INFO - HTTP Request: POST https://api.telegram.org/bot8469388059:AAEwHHPNzR3oUzI6ai9E4p4CXDHI8mVjzo4/getUpdates "HTTP/1.1 200 OK"
2025-09-27 15:42:02,692 - httpx - INFO - HTTP Request: POST https://api.telegram.org/bot8469388059:AAEwHHPNzR3oUzI6ai9E4p4CXDHI8mVjzo4/sendMessage "HTTP/1.1 200 OK"
2025-09-27 15:42:02,693 - handlers.qr_generation - ERROR - QR generation failed
Traceback (most recent call last):
  File "e:\python2\bots\qr_bot\handlers\qr_generation.py", line 41, in _process_qr_generation
    qr_result = QRService.generate_qr_image(text, **settings)
TypeError: QRService.generate_qr_image() got an unexpected keyword argument 'fg'
2025-09-27 15:42:02,751 - httpx - INFO - HTTP Request: POST https://api.telegram.org/bot8469388059:AAEwHHPNzR3oUzI6ai9E4p4CXDHI8mVjzo4/editMessageText "HTTP/1.1 200 OK"
2025-09-27 15:42:12,672 - httpx - INFO - HTTP Request: POST https://api.telegram.org/bot8469388059:AAEwHHPNzR3oUzI6ai9E4p4CXDHI8mVjzo4/getUpdates "HTTP/1.1 200 OK"
2025-09-27 15:42:22,712 - httpx - INFO - HTTP Request: POST https://api.telegram.org/bot8469388059:AAEwHHPNzR3oUzI6ai9E4p4CXDHI8mVjzo4/getUpdates "HTTP/1.1 200 OK"
2025-09-27 15:42:32,495 - httpx - INFO - HTTP Request: POST https://api.telegram.org/bot8469388059:AAEwHHPNzR3oUzI6ai9E4p4CXDHI8mVjzo4/getUpdates "HTTP/1.1 200 OK"
2025-09-27 15:42:32,496 - telegram.ext.Application - INFO - Application is stopping. This might take a moment.
2025-09-27 15:42:32,496 - telegram.ext.Application - INFO - Application.stop() complete
2025-09-27 15:42:41,808 - __main__ - INFO - 🚀 QR Bot запущено...
2025-09-27 15:42:41,972 - httpx - INFO - HTTP Request: POST https://api.telegram.org/bot8469388059:AAEwHHPNzR3oUzI6ai9E4p4CXDHI8mVjzo4/getMe "HTTP/1.1 200 OK"
2025-09-27 15:42:42,013 - httpx - INFO - HTTP Request: POST https://api.telegram.org/bot8469388059:AAEwHHPNzR3oUzI6ai9E4p4CXDHI8mVjzo4/deleteWebhook "HTTP/1.1 200 OK"
2025-09-27 15:42:42,014 - telegram.ext.Application - INFO - Application started
2025-09-27 15:42:45,473 - httpx - INFO - HTTP Request: POST https://api.telegram.org/bot8469388059:AAEwHHPNzR3oUzI6ai9E4p4CXDHI8mVjzo4/getUpdates "HTTP/1.1 200 OK"
2025-09-27 15:42:45,477 - handlers.base - INFO - User state changed to: main_menu
2025-09-27 15:42:45,638 - httpx - INFO - HTTP Request: POST https://api.telegram.org/bot8469388059:AAEwHHPNzR3oUzI6ai9E4p4CXDHI8mVjzo4/sendMessage "HTTP/1.1 200 OK"
2025-09-27 15:42:46,802 - httpx - INFO - HTTP Request: POST https://api.telegram.org/bot8469388059:AAEwHHPNzR3oUzI6ai9E4p4CXDHI8mVjzo4/getUpdates "HTTP/1.1 200 OK"
2025-09-27 15:42:46,850 - httpx - INFO - HTTP Request: POST https://api.telegram.org/bot8469388059:AAEwHHPNzR3oUzI6ai9E4p4CXDHI8mVjzo4/answerCallbackQuery "HTTP/1.1 200 OK"
2025-09-27 15:42:46,850 - handlers.callbacks - INFO - Callback received: action:generate
2025-09-27 15:42:46,850 - handlers.base - INFO - User state changed to: waiting_text
2025-09-27 15:42:46,907 - httpx - INFO - HTTP Request: POST https://api.telegram.org/bot8469388059:AAEwHHPNzR3oUzI6ai9E4p4CXDHI8mVjzo4/editMessageText "HTTP/1.1 200 OK"
2025-09-27 15:42:49,131 - httpx - INFO - HTTP Request: POST https://api.telegram.org/bot8469388059:AAEwHHPNzR3oUzI6ai9E4p4CXDHI8mVjzo4/getUpdates "HTTP/1.1 200 OK"
2025-09-27 15:42:49,196 - httpx - INFO - HTTP Request: POST https://api.telegram.org/bot8469388059:AAEwHHPNzR3oUzI6ai9E4p4CXDHI8mVjzo4/sendMessage "HTTP/1.1 200 OK"
2025-09-27 15:42:49,197 - handlers.qr_generation - ERROR - QR generation failed
Traceback (most recent call last):
  File "e:\python2\bots\qr_bot\handlers\qr_generation.py", line 41, in _process_qr_generation
    qr_result = await QRService.generate_qr_code(text, settings)
                      ^^^^^^^^^^^^^^^^^^^^^^^^^^
AttributeError: type object 'QRService' has no attribute 'generate_qr_code'. Did you mean: 'generate_qr_image'?
2025-09-27 15:42:49,253 - httpx - INFO - HTTP Request: POST https://api.telegram.org/bot8469388059:AAEwHHPNzR3oUzI6ai9E4p4CXDHI8mVjzo4/editMessageText "HTTP/1.1 200 OK"
2025-09-27 15:42:59,172 - httpx - INFO - HTTP Request: POST https://api.telegram.org/bot8469388059:AAEwHHPNzR3oUzI6ai9E4p4CXDHI8mVjzo4/getUpdates "HTTP/1.1 200 OK"
2025-09-27 15:43:09,214 - httpx - INFO - HTTP Request: POST https://api.telegram.org/bot8469388059:AAEwHHPNzR3oUzI6ai9E4p4CXDHI8mVjzo4/getUpdates "HTTP/1.1 200 OK"
2025-09-27 15:43:19,255 - httpx - INFO - HTTP Request: POST https://api.telegram.org/bot8469388059:AAEwHHPNzR3oUzI6ai9E4p4CXDHI8mVjzo4/getUpdates "HTTP/1.1 200 OK"
2025-09-27 15:43:29,295 - httpx - INFO - HTTP Request: POST https://api.telegram.org/bot8469388059:AAEwHHPNzR3oUzI6ai9E4p4CXDHI8mVjzo4/getUpdates "HTTP/1.1 200 OK"
2025-09-27 15:43:39,337 - httpx - INFO - HTTP Request: POST https://api.telegram.org/bot8469388059:AAEwHHPNzR3oUzI6ai9E4p4CXDHI8mVjzo4/getUpdates "HTTP/1.1 200 OK"
2025-09-27 15:43:49,377 - httpx - INFO - HTTP Request: POST https://api.telegram.org/bot8469388059:AAEwHHPNzR3oUzI6ai9E4p4CXDHI8mVjzo4/getUpdates "HTTP/1.1 200 OK"
2025-09-27 15:43:59,418 - httpx - INFO - HTTP Request: POST https://api.telegram.org/bot8469388059:AAEwHHPNzR3oUzI6ai9E4p4CXDHI8mVjzo4/getUpdates "HTTP/1.1 200 OK"
2025-09-27 15:44:09,460 - httpx - INFO - HTTP Request: POST https://api.telegram.org/bot8469388059:AAEwHHPNzR3oUzI6ai9E4p4CXDHI8mVjzo4/getUpdates "HTTP/1.1 200 OK"
2025-09-27 15:44:19,503 - httpx - INFO - HTTP Request: POST https://api.telegram.org/bot8469388059:AAEwHHPNzR3oUzI6ai9E4p4CXDHI8mVjzo4/getUpdates "HTTP/1.1 200 OK"
2025-09-27 15:44:29,543 - httpx - INFO - HTTP Request: POST https://api.telegram.org/bot8469388059:AAEwHHPNzR3oUzI6ai9E4p4CXDHI8mVjzo4/getUpdates "HTTP/1.1 200 OK"
2025-09-27 15:44:39,583 - httpx - INFO - HTTP Request: POST https://api.telegram.org/bot8469388059:AAEwHHPNzR3oUzI6ai9E4p4CXDHI8mVjzo4/getUpdates "HTTP/1.1 200 OK"
2025-09-27 15:44:49,624 - httpx - INFO - HTTP Request: POST https://api.telegram.org/bot8469388059:AAEwHHPNzR3oUzI6ai9E4p4CXDHI8mVjzo4/getUpdates "HTTP/1.1 200 OK"
2025-09-27 15:44:59,665 - httpx - INFO - HTTP Request: POST https://api.telegram.org/bot8469388059:AAEwHHPNzR3oUzI6ai9E4p4CXDHI8mVjzo4/getUpdates "HTTP/1.1 200 OK"
2025-09-27 15:45:09,705 - httpx - INFO - HTTP Request: POST https://api.telegram.org/bot8469388059:AAEwHHPNzR3oUzI6ai9E4p4CXDHI8mVjzo4/getUpdates "HTTP/1.1 200 OK"
2025-09-27 15:45:19,746 - httpx - INFO - HTTP Request: POST https://api.telegram.org/bot8469388059:AAEwHHPNzR3oUzI6ai9E4p4CXDHI8mVjzo4/getUpdates "HTTP/1.1 200 OK"
2025-09-27 15:45:29,787 - httpx - INFO - HTTP Request: POST https://api.telegram.org/bot8469388059:AAEwHHPNzR3oUzI6ai9E4p4CXDHI8mVjzo4/getUpdates "HTTP/1.1 200 OK"
2025-09-27 15:45:39,828 - httpx - INFO - HTTP Request: POST https://api.telegram.org/bot8469388059:AAEwHHPNzR3oUzI6ai9E4p4CXDHI8mVjzo4/getUpdates "HTTP/1.1 200 OK"
2025-09-27 15:45:49,868 - httpx - INFO - HTTP Request: POST https://api.telegram.org/bot8469388059:AAEwHHPNzR3oUzI6ai9E4p4CXDHI8mVjzo4/getUpdates "HTTP/1.1 200 OK"
2025-09-27 15:45:59,908 - httpx - INFO - HTTP Request: POST https://api.telegram.org/bot8469388059:AAEwHHPNzR3oUzI6ai9E4p4CXDHI8mVjzo4/getUpdates "HTTP/1.1 200 OK"
2025-09-27 15:46:09,949 - httpx - INFO - HTTP Request: POST https://api.telegram.org/bot8469388059:AAEwHHPNzR3oUzI6ai9E4p4CXDHI8mVjzo4/getUpdates "HTTP/1.1 200 OK"
2025-09-27 15:46:19,989 - httpx - INFO - HTTP Request: POST https://api.telegram.org/bot8469388059:AAEwHHPNzR3oUzI6ai9E4p4CXDHI8mVjzo4/getUpdates "HTTP/1.1 200 OK"
2025-09-27 15:46:30,030 - httpx - INFO - HTTP Request: POST https://api.telegram.org/bot8469388059:AAEwHHPNzR3oUzI6ai9E4p4CXDHI8mVjzo4/getUpdates "HTTP/1.1 200 OK"
2025-09-27 15:46:40,071 - httpx - INFO - HTTP Request: POST https://api.telegram.org/bot8469388059:AAEwHHPNzR3oUzI6ai9E4p4CXDHI8mVjzo4/getUpdates "HTTP/1.1 200 OK"
2025-09-27 15:46:50,112 - httpx - INFO - HTTP Request: POST https://api.telegram.org/bot8469388059:AAEwHHPNzR3oUzI6ai9E4p4CXDHI8mVjzo4/getUpdates "HTTP/1.1 200 OK"
2025-09-27 15:47:00,152 - httpx - INFO - HTTP Request: POST https://api.telegram.org/bot8469388059:AAEwHHPNzR3oUzI6ai9E4p4CXDHI8mVjzo4/getUpdates "HTTP/1.1 200 OK"
2025-09-27 15:47:10,192 - httpx - INFO - HTTP Request: POST https://api.telegram.org/bot8469388059:AAEwHHPNzR3oUzI6ai9E4p4CXDHI8mVjzo4/getUpdates "HTTP/1.1 200 OK"
2025-09-27 15:47:20,234 - httpx - INFO - HTTP Request: POST https://api.telegram.org/bot8469388059:AAEwHHPNzR3oUzI6ai9E4p4CXDHI8mVjzo4/getUpdates "HTTP/1.1 200 OK"
2025-09-27 15:47:30,274 - httpx - INFO - HTTP Request: POST https://api.telegram.org/bot8469388059:AAEwHHPNzR3oUzI6ai9E4p4CXDHI8mVjzo4/getUpdates "HTTP/1.1 200 OK"
2025-09-27 15:47:40,315 - httpx - INFO - HTTP Request: POST https://api.telegram.org/bot8469388059:AAEwHHPNzR3oUzI6ai9E4p4CXDHI8mVjzo4/getUpdates "HTTP/1.1 200 OK"
2025-09-27 15:47:49,588 - httpx - INFO - HTTP Request: POST https://api.telegram.org/bot8469388059:AAEwHHPNzR3oUzI6ai9E4p4CXDHI8mVjzo4/getUpdates "HTTP/1.1 200 OK"
2025-09-27 15:47:49,588 - telegram.ext.Application - INFO - Application is stopping. This might take a moment.
2025-09-27 15:47:49,588 - telegram.ext.Application - INFO - Application.stop() complete
2025-09-27 15:47:52,661 - __main__ - INFO - 🚀 QR Bot запущено...
2025-09-27 15:47:52,826 - httpx - INFO - HTTP Request: POST https://api.telegram.org/bot8469388059:AAEwHHPNzR3oUzI6ai9E4p4CXDHI8mVjzo4/getMe "HTTP/1.1 200 OK"
2025-09-27 15:47:52,866 - httpx - INFO - HTTP Request: POST https://api.telegram.org/bot8469388059:AAEwHHPNzR3oUzI6ai9E4p4CXDHI8mVjzo4/deleteWebhook "HTTP/1.1 200 OK"
2025-09-27 15:47:52,867 - telegram.ext.Application - INFO - Application started
2025-09-27 15:47:59,083 - httpx - INFO - HTTP Request: POST https://api.telegram.org/bot8469388059:AAEwHHPNzR3oUzI6ai9E4p4CXDHI8mVjzo4/getUpdates "HTTP/1.1 200 OK"
2025-09-27 15:47:59,084 - handlers.base - INFO - User state changed to: main_menu
2025-09-27 15:47:59,227 - httpx - INFO - HTTP Request: POST https://api.telegram.org/bot8469388059:AAEwHHPNzR3oUzI6ai9E4p4CXDHI8mVjzo4/sendMessage "HTTP/1.1 200 OK"
2025-09-27 15:48:00,580 - httpx - INFO - HTTP Request: POST https://api.telegram.org/bot8469388059:AAEwHHPNzR3oUzI6ai9E4p4CXDHI8mVjzo4/getUpdates "HTTP/1.1 200 OK"
2025-09-27 15:48:00,626 - httpx - INFO - HTTP Request: POST https://api.telegram.org/bot8469388059:AAEwHHPNzR3oUzI6ai9E4p4CXDHI8mVjzo4/answerCallbackQuery "HTTP/1.1 200 OK"
2025-09-27 15:48:00,627 - handlers.callbacks - INFO - Callback received: action:generate
2025-09-27 15:48:00,627 - handlers.callbacks - ERROR - Error handling callback: action:generate
Traceback (most recent call last):
  File "e:\python2\bots\qr_bot\handlers\callbacks.py", line 22, in handle_callback_query
    await CallbackHandler._handle_action(query, context, data.split(":")[1])
          ^^^^^^^^^^^^^^^^^^^^^^^^^^^^^^
AttributeError: type object 'CallbackHandler' has no attribute '_handle_action'
2025-09-27 15:48:00,687 - httpx - INFO - HTTP Request: POST https://api.telegram.org/bot8469388059:AAEwHHPNzR3oUzI6ai9E4p4CXDHI8mVjzo4/editMessageText "HTTP/1.1 200 OK"
2025-09-27 15:48:10,622 - httpx - INFO - HTTP Request: POST https://api.telegram.org/bot8469388059:AAEwHHPNzR3oUzI6ai9E4p4CXDHI8mVjzo4/getUpdates "HTTP/1.1 200 OK"
2025-09-27 15:48:20,663 - httpx - INFO - HTTP Request: POST https://api.telegram.org/bot8469388059:AAEwHHPNzR3oUzI6ai9E4p4CXDHI8mVjzo4/getUpdates "HTTP/1.1 200 OK"
2025-09-27 15:48:30,703 - httpx - INFO - HTTP Request: POST https://api.telegram.org/bot8469388059:AAEwHHPNzR3oUzI6ai9E4p4CXDHI8mVjzo4/getUpdates "HTTP/1.1 200 OK"
2025-09-27 15:48:40,745 - httpx - INFO - HTTP Request: POST https://api.telegram.org/bot8469388059:AAEwHHPNzR3oUzI6ai9E4p4CXDHI8mVjzo4/getUpdates "HTTP/1.1 200 OK"
2025-09-27 15:48:50,785 - httpx - INFO - HTTP Request: POST https://api.telegram.org/bot8469388059:AAEwHHPNzR3oUzI6ai9E4p4CXDHI8mVjzo4/getUpdates "HTTP/1.1 200 OK"
2025-09-27 15:49:00,826 - httpx - INFO - HTTP Request: POST https://api.telegram.org/bot8469388059:AAEwHHPNzR3oUzI6ai9E4p4CXDHI8mVjzo4/getUpdates "HTTP/1.1 200 OK"
2025-09-27 15:49:10,866 - httpx - INFO - HTTP Request: POST https://api.telegram.org/bot8469388059:AAEwHHPNzR3oUzI6ai9E4p4CXDHI8mVjzo4/getUpdates "HTTP/1.1 200 OK"
2025-09-27 15:49:20,906 - httpx - INFO - HTTP Request: POST https://api.telegram.org/bot8469388059:AAEwHHPNzR3oUzI6ai9E4p4CXDHI8mVjzo4/getUpdates "HTTP/1.1 200 OK"
2025-09-27 15:49:30,949 - httpx - INFO - HTTP Request: POST https://api.telegram.org/bot8469388059:AAEwHHPNzR3oUzI6ai9E4p4CXDHI8mVjzo4/getUpdates "HTTP/1.1 200 OK"
2025-09-27 15:49:40,989 - httpx - INFO - HTTP Request: POST https://api.telegram.org/bot8469388059:AAEwHHPNzR3oUzI6ai9E4p4CXDHI8mVjzo4/getUpdates "HTTP/1.1 200 OK"
2025-09-27 15:49:51,030 - httpx - INFO - HTTP Request: POST https://api.telegram.org/bot8469388059:AAEwHHPNzR3oUzI6ai9E4p4CXDHI8mVjzo4/getUpdates "HTTP/1.1 200 OK"
2025-09-27 15:50:01,071 - httpx - INFO - HTTP Request: POST https://api.telegram.org/bot8469388059:AAEwHHPNzR3oUzI6ai9E4p4CXDHI8mVjzo4/getUpdates "HTTP/1.1 200 OK"
2025-09-27 15:50:11,111 - httpx - INFO - HTTP Request: POST https://api.telegram.org/bot8469388059:AAEwHHPNzR3oUzI6ai9E4p4CXDHI8mVjzo4/getUpdates "HTTP/1.1 200 OK"
2025-09-27 15:50:21,152 - httpx - INFO - HTTP Request: POST https://api.telegram.org/bot8469388059:AAEwHHPNzR3oUzI6ai9E4p4CXDHI8mVjzo4/getUpdates "HTTP/1.1 200 OK"
2025-09-27 15:50:31,193 - httpx - INFO - HTTP Request: POST https://api.telegram.org/bot8469388059:AAEwHHPNzR3oUzI6ai9E4p4CXDHI8mVjzo4/getUpdates "HTTP/1.1 200 OK"
2025-09-27 15:50:41,234 - httpx - INFO - HTTP Request: POST https://api.telegram.org/bot8469388059:AAEwHHPNzR3oUzI6ai9E4p4CXDHI8mVjzo4/getUpdates "HTTP/1.1 200 OK"
2025-09-27 15:50:51,275 - httpx - INFO - HTTP Request: POST https://api.telegram.org/bot8469388059:AAEwHHPNzR3oUzI6ai9E4p4CXDHI8mVjzo4/getUpdates "HTTP/1.1 200 OK"
2025-09-27 15:51:01,315 - httpx - INFO - HTTP Request: POST https://api.telegram.org/bot8469388059:AAEwHHPNzR3oUzI6ai9E4p4CXDHI8mVjzo4/getUpdates "HTTP/1.1 200 OK"
2025-09-27 15:51:11,355 - httpx - INFO - HTTP Request: POST https://api.telegram.org/bot8469388059:AAEwHHPNzR3oUzI6ai9E4p4CXDHI8mVjzo4/getUpdates "HTTP/1.1 200 OK"
2025-09-27 15:51:21,395 - httpx - INFO - HTTP Request: POST https://api.telegram.org/bot8469388059:AAEwHHPNzR3oUzI6ai9E4p4CXDHI8mVjzo4/getUpdates "HTTP/1.1 200 OK"
2025-09-27 15:51:31,436 - httpx - INFO - HTTP Request: POST https://api.telegram.org/bot8469388059:AAEwHHPNzR3oUzI6ai9E4p4CXDHI8mVjzo4/getUpdates "HTTP/1.1 200 OK"
2025-09-27 15:51:41,479 - httpx - INFO - HTTP Request: POST https://api.telegram.org/bot8469388059:AAEwHHPNzR3oUzI6ai9E4p4CXDHI8mVjzo4/getUpdates "HTTP/1.1 200 OK"
2025-09-27 15:51:51,519 - httpx - INFO - HTTP Request: POST https://api.telegram.org/bot8469388059:AAEwHHPNzR3oUzI6ai9E4p4CXDHI8mVjzo4/getUpdates "HTTP/1.1 200 OK"
2025-09-27 15:52:01,560 - httpx - INFO - HTTP Request: POST https://api.telegram.org/bot8469388059:AAEwHHPNzR3oUzI6ai9E4p4CXDHI8mVjzo4/getUpdates "HTTP/1.1 200 OK"
2025-09-27 15:52:07,004 - httpx - INFO - HTTP Request: POST https://api.telegram.org/bot8469388059:AAEwHHPNzR3oUzI6ai9E4p4CXDHI8mVjzo4/getUpdates "HTTP/1.1 200 OK"
2025-09-27 15:52:07,004 - telegram.ext.Application - INFO - Application is stopping. This might take a moment.
2025-09-27 15:52:07,004 - telegram.ext.Application - INFO - Application.stop() complete
